// Jest Snapshot v1, https://goo.gl/fbAQLP

exports[`module "config" #createDefaultConfig() creates a default config object in the context of NODE_ENV 1`] = `
Object {
  "adapter": [Function],
  "database": Object {
    "development": Object {
      "driver": "sqlite3",
    },
    "production": Object {
      "driver": "sqlite3",
    },
    "test": Object {
      "driver": "sqlite3",
    },
  },
  "logging": Object {
    "enabled": false,
    "filter": Object {
      "params": Array [],
    },
    "format": "text",
    "level": "DEBUG",
  },
  "path": "/Users/zacharygolba/src/lux",
  "server": Object {
    "cors": Object {
      "enabled": false,
    },
  },
}
`;
