// Jest Snapshot v1, https://goo.gl/fbAQLP

exports[`module "compiler" #compile() - with strict mode creates an instance with the correct config 1`] = `
Array [
  Array [
    Object {
      "cache": undefined,
      "entry": "/Users/zacharygolba/src/lux/test/test-app/dist/index.js",
      "external": Array [
        "babel-core",
        "babel-preset-lux",
        "bcryptjs",
        "faker",
        "knex",
        "lux-framework",
        "mssql",
        "mysql2",
        "pg",
        "source-map-support",
        "sqlite3",
        "assert",
        "async_hooks",
        "buffer",
        "child_process",
        "cluster",
        "console",
        "constants",
        "crypto",
        "dgram",
        "dns",
        "domain",
        "events",
        "fs",
        "http",
        "https",
        "inspector",
        "module",
        "net",
        "os",
        "path",
        "process",
        "punycode",
        "querystring",
        "readline",
        "repl",
        "stream",
        "string_decoder",
        "sys",
        "timers",
        "tls",
        "tty",
        "url",
        "util",
        "v8",
        "vm",
        "zlib",
      ],
      "onwarn": [Function],
      "plugins": Array [
        Object {
          "resolveId": [Function],
        },
        Object {
          "name": "json",
          "transform": [Function],
        },
        Object {
          "name": "node-resolve",
          "resolveId": [Function],
        },
        Object {
          "load": [Function],
          "name": "babel",
          "options": [Function],
          "resolveId": [Function],
          "transform": [Function],
        },
        Object {
          "transform": [Function],
        },
        Object {
          "name": "cleanup",
          "transform": [Function],
        },
      ],
      "preferConst": true,
    },
  ],
]
`;

exports[`module "compiler" #compile() - without strict mode creates an instance with the correct config 1`] = `
Array [
  Array [
    Object {
      "cache": undefined,
      "entry": "/Users/zacharygolba/src/lux/test/test-app/dist/index.js",
      "external": Array [
        "babel-core",
        "babel-preset-lux",
        "bcryptjs",
        "faker",
        "knex",
        "lux-framework",
        "mssql",
        "mysql2",
        "pg",
        "source-map-support",
        "sqlite3",
        "assert",
        "async_hooks",
        "buffer",
        "child_process",
        "cluster",
        "console",
        "constants",
        "crypto",
        "dgram",
        "dns",
        "domain",
        "events",
        "fs",
        "http",
        "https",
        "inspector",
        "module",
        "net",
        "os",
        "path",
        "process",
        "punycode",
        "querystring",
        "readline",
        "repl",
        "stream",
        "string_decoder",
        "sys",
        "timers",
        "tls",
        "tty",
        "url",
        "util",
        "v8",
        "vm",
        "zlib",
      ],
      "onwarn": [Function],
      "plugins": Array [
        Object {
          "resolveId": [Function],
        },
        Object {
          "name": "json",
          "transform": [Function],
        },
        Object {
          "name": "node-resolve",
          "resolveId": [Function],
        },
        Object {
          "load": [Function],
          "name": "babel",
          "options": [Function],
          "resolveId": [Function],
          "transform": [Function],
        },
        Object {
          "transform": [Function],
        },
        Object {
          "name": "cleanup",
          "transform": [Function],
        },
      ],
      "preferConst": true,
    },
  ],
  Array [
    Object {
      "cache": undefined,
      "entry": "/Users/zacharygolba/src/lux/test/test-app/dist/index.js",
      "external": Array [
        "babel-core",
        "babel-preset-lux",
        "bcryptjs",
        "faker",
        "knex",
        "lux-framework",
        "mssql",
        "mysql2",
        "pg",
        "source-map-support",
        "sqlite3",
        "assert",
        "async_hooks",
        "buffer",
        "child_process",
        "cluster",
        "console",
        "constants",
        "crypto",
        "dgram",
        "dns",
        "domain",
        "events",
        "fs",
        "http",
        "https",
        "inspector",
        "module",
        "net",
        "os",
        "path",
        "process",
        "punycode",
        "querystring",
        "readline",
        "repl",
        "stream",
        "string_decoder",
        "sys",
        "timers",
        "tls",
        "tty",
        "url",
        "util",
        "v8",
        "vm",
        "zlib",
      ],
      "onwarn": [Function],
      "plugins": Array [
        Object {
          "resolveId": [Function],
        },
        Object {
          "name": "json",
          "transform": [Function],
        },
        Object {
          "name": "node-resolve",
          "resolveId": [Function],
        },
        Object {
          "load": [Function],
          "name": "babel",
          "options": [Function],
          "resolveId": [Function],
          "transform": [Function],
        },
        Object {
          "transform": [Function],
        },
        Object {
          "name": "cleanup",
          "transform": [Function],
        },
      ],
      "preferConst": true,
    },
  ],
]
`;

exports[`module "compiler" #onwarn() outputs valid warning types to stderr 1`] = `
Array [
  Array [
    "TEST",
  ],
]
`;
