// Jest Snapshot v1, https://goo.gl/fbAQLP

exports[`compact() 1`] = `
Array [
  0,
  "a",
  1,
  Object {},
  false,
]
`;
